[2026-09-06 13:58:09] GGPRONOS run | Posts aujourd'hui: 0/12
[2026-09-06 13:58:10] SONDAGE:
❓ Juventus vs AC Milan ? Qui gagne ce match ? (2.13x)

1. Juventus
2. Egalite
3. AC Milan

👇 Votez !
[2026-09-06 13:58:10] MEILLEUR MATCH: Juventus vs AC Milan (57%)
[2026-09-06 13:58:10] PRONO:
⚽ Serie A
🚨 Juventus vs AC Milan
📊 Prono: Juventus (2.13x) | Conf: 57%
xG: 1.5 vs 1.2 | Score: 69.40677966101694
👇 Juventus gagne ?
[2026-09-06 13:58:10] RESULTAT:
❌ PERDU CA Osasuna vs Levante (0-0)
💰 PnL: -10€
home CA Osasuna
[2026-09-06 14:00:00] GGPRONOS run | Posts aujourd'hui: 0/12
[2026-09-06 14:00:00] SONDAGE:
❓ Juventus vs AC Milan ? Qui gagne ce match ? (2.13x)

1. Juventus
2. Egalite
3. AC Milan

👇 Votez !
[2026-09-06 14:00:01] MEILLEUR MATCH: Juventus vs AC Milan (57%)
[2026-09-06 14:00:35] === GGPRONOS POST OK (1/12) ===
[2026-09-06 14:00:35] PRONO:
⚽ Serie A
🚨 Juventus vs AC Milan
📊 Prono: Juventus (2.13x) | Conf: 57%
xG: 1.5 vs 1.2 | Score: 69.40677966101694
👇 Juventus gagne ?
[2026-09-06 14:03:09] === GGPRONOS PRONO OK (2/12) ===
[2026-09-06 14:03:09] RESULTAT:
✅ GAGNE Fulham vs Chelsea (2-3)
💰 PnL: 8.2€
away Chelsea
[2026-09-06 14:03:31] === GGPRONOS RESULTAT OK (3/12) ===
[2026-09-06 14:10:24] GGPRONOS run | Posts aujourd'hui: 3/12
[2026-09-06 14:10:24] Aucun match dans 1h - pas de post sondage/prono
[2026-09-06 14:10:24] RESULTAT:
✅ GAGNE AS Roma vs Fiorentina (4-0)
💰 PnL: 7€
[2026-09-06 14:15:17] GGPRONOS run | Posts: 3/12 | Stage: 0
[2026-09-06 14:15:17] RESULTAT:
✅ GAGNE AS Roma vs Fiorentina (4-0)
💰 PnL: 7€
🔗 https://ggpronos.com
👉 https://ggpronos.com/parrainage
[2026-09-06 14:30:00] GGPRONOS run | Posts: 3/12 | Stage: 0
[2026-09-06 14:30:00] RESULTAT:
❌ PERDU CA Osasuna vs Levante (0-0)
💰 PnL: -10€
🔗 https://ggpronos.com
👉 https://ggpronos.com/parrainage
[2026-09-06 15:00:00] GGPRONOS run | Posts: 3/12 | Stage: 0
[2026-09-06 15:00:00] RESULTAT:
✅ GAGNE AS Roma vs Fiorentina (4-0)
💰 PnL: 7€
🔗 https://ggpronos.com
👉 https://ggpronos.com/parrainage
[2026-09-06 15:30:00] Pause humaine : on saute ce run
[2026-09-06 16:00:00] GGPRONOS run | Posts: 3/12 | Stage: 0
[2026-09-06 16:00:00] RESULTAT:
❌ PERDU Hellas Verona vs Ascoli (1-2)
💰 PnL: -10€
🔗 https://ggpronos.com
👉 https://ggpronos.com/parrainage
[2026-09-06 16:30:00] GGPRONOS run | Posts: 3/12 | Stage: 0
[2026-09-06 16:30:00] RESULTAT:
✅ GAGNE AS Roma vs Fiorentina (4-0)
💰 PnL: 7€
🔗 https://ggpronos.com
👉 https://ggpronos.com/parrainage
[2026-09-06 17:00:00] GGPRONOS run | Posts: 3/12 | Stage: 0
[2026-09-06 17:00:00] RESULTAT:
✅ GAGNE AS Roma vs Fiorentina (4-0)
💰 PnL: 7€
🔗 https://ggpronos.com
👉 https://ggpronos.com/parrainage
[2026-09-06 17:30:00] GGPRONOS run | Posts: 3/12 | Stage: 0
[2026-09-06 17:30:00] RESULTAT:
❌ PERDU Málaga vs Deportivo La Coruña (1-1)
💰 PnL: -10€
🔗 https://ggpronos.com
👉 https://ggpronos.com/parrainage
[2026-09-06 18:00:00] GGPRONOS run | Posts: 3/12 | Stage: 0
[2026-09-06 18:00:00] RESULTAT:
❌ PERDU Bologna vs Lazio (0-1)
💰 PnL: -10€
🔗 https://ggpronos.com
👉 https://ggpronos.com/parrainage
[2026-09-06 18:30:00] GGPRONOS run | Posts: 3/12 | Stage: 0
[2026-09-06 18:30:00] RESULTAT:
✅ GAGNE Manchester City vs Bournemouth (2-1)
💰 PnL: 4.5€
🔗 https://ggpronos.com
👉 https://ggpronos.com/parrainage
[2026-09-06 18:46:50] GGPRONOS run | Posts: 3/12 | Stage: 0
[2026-09-06 18:46:50] RESULTAT:
❌ PERDU Newcastle United vs Liverpool (2-2)
💰 PnL: -10€
🔗 https://ggpronos.com
👉 https://ggpronos.com/parrainage
[2026-09-06 18:47:11] GGPRONOS run | Posts: 3/12 | Stage: 0
[2026-09-06 18:47:11] RESULTAT:
❌ PERDU RC Lens vs Lorient ()
💰 PnL: 0€
🔗 https://ggpronos.com
👉 https://ggpronos.com/parrainage
[2026-09-06 18:47:32] GGPRONOS run | Posts: 3/12 | Stage: 0
[2026-09-06 18:47:32] RESULTAT:
✅ GAGNE SC Paderborn vs SC Freiburg (0-1)
💰 PnL: 11.2€
🔗 https://ggpronos.com
👉 https://ggpronos.com/parrainage
[2026-09-06 19:00:00] GGPRONOS run | Posts: 3/12 | Stage: 0
[2026-09-06 19:00:00] RESULTAT:
✅ GAGNE Bucheon FC 1995 vs Daejeon Citizen (0-5)
💰 PnL: 8.3€
🔗 https://ggpronos.com
👉 https://ggpronos.com/parrainage
[2026-09-06 19:04:36] GGPRONOS run | Posts: 3/12 | Stage: 0
[2026-09-06 19:04:36] MATCH: Juventus vs AC Milan | dans 1.67h | conf: 57%
[2026-09-06 19:04:36] DRY-RUN: sondage=True bet=False resultat=True
[2026-09-06 19:04:36] RESULTAT:
✅ GAGNE Bayer Leverkusen vs Union Berlin (4-0)
💰 PnL: 4.4€
🔗 https://ggpronos.com
👉 https://ggpronos.com/parrainage
[2026-09-06 19:30:00] GGPRONOS run | Posts: 3/12 | Stage: 0
[2026-09-06 19:30:00] MATCH: Juventus vs AC Milan | dans 1.25h | conf: 57%
[2026-09-06 19:30:06] SONDAGE (T-2h):
⚽ Serie A
🚨 Juventus vs AC Milan
📊 Qui va gagner ?
Votez 👇
🔗 https://ggpronos.com
👉 https://ggpronos.com/parrainage
[2026-09-06 19:30:06] Carte hype: C:\Users\gg_77\Documents\Default Project\ggpronos\hype_Juventus_card.png
[2026-09-06 19:30:23] Post Ggpronos OK
[2026-09-06 19:30:23] === SONDAGE OK (4/12) ===
[2026-09-06 19:30:34] RESULTAT:
✅ GAGNE Bayer Leverkusen vs Union Berlin (4-0)
💰 PnL: 4.4€
🔗 https://ggpronos.com
👉 https://ggpronos.com/parrainage
[2026-09-06 19:30:49] Post Ggpronos OK
[2026-09-06 19:30:49] === RESULTAT OK (5/12) ===
[2026-09-06 20:00:00] GGPRONOS run | Posts: 5/12 | Stage: 1
[2026-09-06 20:00:00] MATCH: Juventus vs AC Milan | dans 0.75h | conf: 57%
[2026-09-06 20:00:06] BET (T-1h):
⚽ Serie A
🚨 Juventus vs AC Milan
📊 Prono: Juventus (2.13x) | Conf: 57%
🔗 https://ggpronos.com
👉 https://ggpronos.com/parrainage
👇 Juventus gagne ?
[2026-09-06 20:00:20] Post Ggpronos OK
[2026-09-06 20:00:20] === BET OK (6/12) ===
[2026-09-06 20:00:20] RESULTAT:
✅ GAGNE SC Paderborn vs SC Freiburg (0-1)
💰 PnL: 11.2€
🔗 https://ggpronos.com
👉 https://ggpronos.com/parrainage
[2026-09-06 20:00:35] Post Ggpronos OK
[2026-09-06 20:00:35] === RESULTAT OK (7/12) ===
[2026-09-06 20:33:57] GGPRONOS run | Posts: 7/12 | Stage: 2
[2026-09-06 20:33:57] MATCH: Juventus vs AC Milan | dans 0.18h | conf: 57%
[2026-09-06 20:34:08] RESULTAT:
✅ GAGNE Jeju United FC vs Ulsan Hyundai FC (0-0)
💰 PnL: 8.100000000000001€
🔗 https://ggpronos.com
👉 https://ggpronos.com/parrainage
[2026-09-06 20:34:23] Post Ggpronos OK
[2026-09-06 20:34:23] === RESULTAT OK (8/12) ===
[2026-09-06 21:01:37] GGPRONOS run | Posts: 8/12 | Stage: 2
[2026-09-06 21:01:37] MATCH: Juventus vs AC Milan | dans -0.28h | conf: 57%
[2026-09-06 21:01:42] RESULTAT:
✅ GAGNE Jeonbuk Hyundai Motors vs Pohang Steelers (2-0)
💰 PnL: 7.800000000000001€
🔗 https://ggpronos.com
👉 https://ggpronos.com/parrainage
[2026-09-06 21:01:57] Post Ggpronos OK
[2026-09-06 21:01:57] === RESULTAT OK (9/12) ===
[2026-09-06 21:33:58] GGPRONOS run | Posts: 9/12 | Stage: 2
[2026-09-06 21:34:05] MATCH: Juventus vs AC Milan | dans -0.82h | conf: 57%
[2026-09-06 21:34:10] RESULTAT:
❌ PERDU Fiorentina vs Torino (1-2)
💰 PnL: -10.0€
🔗 https://ggpronos.com
👉 https://ggpronos.com/parrainage
[2026-09-06 21:34:24] Post Ggpronos OK
[2026-09-06 21:34:24] === RESULTAT OK (10/12) ===
[2026-09-06 22:01:30] GGPRONOS run | Posts: 10/12 | Stage: 2
[2026-09-06 22:01:30] MATCH: Juventus vs AC Milan | dans -1.28h | conf: 57%
[2026-09-06 22:01:41] RESULTAT:
✅ GAGNE Bucheon FC 1995 vs Daejeon Citizen (0-5)
💰 PnL: 8.3€
🔗 https://ggpronos.com
👉 https://ggpronos.com/parrainage
[2026-09-06 22:01:56] Post Ggpronos OK
[2026-09-06 22:01:56] === RESULTAT OK (11/12) ===
[2026-09-06 22:30:00] Pause humaine : on saute ce run
[2026-09-07 10:59:10] GGPRONOS run | Posts: 0/12 | Stage: 0
[2026-09-07 10:59:10] MATCH: Juventus vs AC Milan | dans -14.24h | conf: 57%
[2026-09-07 10:59:10] Rien a poster ce run
